// Jest Snapshot v1, https://goo.gl/fbAQLP

exports[`ScrollBar test_scroll_bar_renders_without_errors 1`] = `
<div>
  <div
    class="scroll_bar_container"
  >
    <span
      style="width: 0.01%;"
    />
  </div>
</div>
`;
